// Jest Snapshot v1, https://goo.gl/fbAQLP

exports[`Tasks renders correctly 1`] = `ShallowWrapper {}`;
