// Jest Snapshot v1, https://goo.gl/fbAQLP

exports[`CreateAccount renders correctly 1`] = `ShallowWrapper {}`;
