// Jest Snapshot v1, https://goo.gl/fbAQLP

exports[`UserHomeScreen renders correctly 1`] = `ShallowWrapper {}`;
